<Data>
  <Row>
    <EMP_NUM>03431</EMP_NUM>
    <WAGE_TYPE>H</WAGE_TYPE>
    <REGION>2</REGION>
    <FIRST_LAST_NAME>GAIL LAWRENCE</FIRST_LAST_NAME>
    <STREET_ADDR>123 NORTH AVE</STREET_ADDR>
    <CITY>PLANO</CITY>
    <STATE>TX</STATE>
    <ZIP>57010</ZIP>
    <HIREDATE>840625</HIREDATE>
    <HOURS>38</HOURS>
    <RATE>25.00</RATE>
    <WAGES>950.00</WAGES>
    <OVERTIME>0.00</OVERTIME>
    <COMM>950.00</COMM>
  </Row>
  <Row>
    <EMP_NUM>02523</EMP_NUM>
    <WAGE_TYPE>H</WAGE_TYPE>
    <REGION>1</REGION>
    <FIRST_LAST_NAME>JOHN SMITH</FIRST_LAST_NAME>
    <STREET_ADDR>5456 ELM STREET</STREET_ADDR>
    <CITY>WAYNE</CITY>
    <STATE>IL</STATE>
    <ZIP>77902</ZIP>
    <HIREDATE>811015</HIREDATE>
    <HOURS>30</HOURS>
    <RATE>25.00</RATE>
    <WAGES>750.00</WAGES>
    <OVERTIME>0.00</OVERTIME>
    <COMM>750.00</COMM>
  </Row>
  <Row>
    <EMP_NUM>01568</EMP_NUM>
    <WAGE_TYPE>H</WAGE_TYPE>
    <REGION>4</REGION>
    <FIRST_LAST_NAME>THOMAS LONG</FIRST_LAST_NAME>
    <STREET_ADDR>12 RACE STREET</STREET_ADDR>
    <CITY>SAN JOSE</CITY>
    <STATE>CA</STATE>
    <ZIP>95126</ZIP>
    <HIREDATE>870331</HIREDATE>
    <HOURS>40</HOURS>
    <RATE>25.00</RATE>
    <WAGES>1000.00</WAGES>
    <OVERTIME>0.00</OVERTIME>
    <COMM>1000.00</COMM>
  </Row>
  <Row>
    <EMP_NUM>03241</EMP_NUM>
    <WAGE_TYPE>H</WAGE_TYPE>
    <REGION>3</REGION>
    <FIRST_LAST_NAME>MARCIA SULLIVAN</FIRST_LAST_NAME>
    <STREET_ADDR>55 SOUTH STREET</STREET_ADDR>
    <CITY>NEW YORK</CITY>
    <STATE>NY</STATE>
    <ZIP>10017</ZIP>
    <HIREDATE>930405</HIREDATE>
    <HOURS>44</HOURS>
    <RATE>30.00</RATE>
    <WAGES>1200.00</WAGES>
    <OVERTIME>0.00</OVERTIME>
    <COMM>1380.00</COMM>
  </Row>
  <Row>
    <EMP_NUM>01343</EMP_NUM>
    <WAGE_TYPE>H</WAGE_TYPE>
    <REGION>3</REGION>
    <FIRST_LAST_NAME>JAMES MORRISON</FIRST_LAST_NAME>
    <STREET_ADDR>11-A MAPLE AVE</STREET_ADDR>
    <CITY>SYRACUSE</CITY>
    <STATE>NY</STATE>
    <ZIP>12123</ZIP>
    <HIREDATE>910913</HIREDATE>
    <HOURS>37</HOURS>
    <RATE>27.50</RATE>
    <WAGES>1017.50</WAGES>
    <OVERTIME>0.00</OVERTIME>
    <COMM>1017.50</COMM>
  </Row>
  <Row>
    <EMP_NUM>02171</EMP_NUM>
    <WAGE_TYPE>H</WAGE_TYPE>
    <REGION>4</REGION>
    <FIRST_LAST_NAME>SAMUEL ADDAMS</FIRST_LAST_NAME>
    <STREET_ADDR>900 LINCOLN CT</STREET_ADDR>
    <CITY>RENO</CITY>
    <STATE>NV</STATE>
    <ZIP>82433</ZIP>
    <HIREDATE>860102</HIREDATE>
    <HOURS>42</HOURS>
    <RATE>27.50</RATE>
    <WAGES>1100.00</WAGES>
    <OVERTIME>0.00</OVERTIME>
    <COMM>1182.50</COMM>
  </Row>
  <Row>
    <EMP_NUM>59999</EMP_NUM>
    <WAGE_TYPE>H</WAGE_TYPE>
    <REGION>4</REGION>
    <FIRST_LAST_NAME>MAX E MILLION</FIRST_LAST_NAME>
    <STREET_ADDR>100 MAIN ST</STREET_ADDR>
    <CITY>MAIN</CITY>
    <STATE>OH</STATE>
    <ZIP>34093</ZIP>
    <HIREDATE>910203</HIREDATE>
    <HOURS>88</HOURS>
    <RATE>25.00</RATE>
    <WAGES>1000.00</WAGES>
    <OVERTIME>0.00</OVERTIME>
    <COMM>2800.00</COMM>
  </Row>
</Data>